// Jest Snapshot v1, https://goo.gl/fbAQLP

exports[`should render an expense 1`] = `
<div>
  <Link
    to="edit/1 "
  >
    <h3>
      kelvin
    </h3>
  </Link>
  <p>
    50
     - 
    0
  </p>
  <button
    onClick={[Function]}
  >
    Remove
  </button>
</div>
`;
